
b1:
  in:  âˆ…
  out: i, one, zero
top:
  in:  cond, i, one, zero
  out: cond, i, one, zero
end:
  in:  cond, i, one, zero
  out: cond, i, one, zero
